[2026-08-11 10:47:56.156 +05:30  INF]  Executed DbCommand (453ms) [Parameters=[@normalizedName='?' (Size = 256)], CommandType='"Text"', CommandTimeout='30']
SELECT TOP(1) [a].[Id], [a].[ConcurrencyStamp], [a].[Name], [a].[NormalizedName]
FROM [AspNetRoles] AS [a]
WHERE [a].[NormalizedName] = @normalizedName
[2026-08-11 10:47:56.740 +05:30  INF]  Executed DbCommand (42ms) [Parameters=[@normalizedUserName='?' (Size = 256)], CommandType='"Text"', CommandTimeout='30']
SELECT TOP(1) [a].[Id], [a].[AccessFailedCount], [a].[ConcurrencyStamp], [a].[Email], [a].[EmailConfirmed], [a].[LockoutEnabled], [a].[LockoutEnd], [a].[NormalizedEmail], [a].[NormalizedUserName], [a].[PasswordHash], [a].[PhoneNumber], [a].[PhoneNumberConfirmed], [a].[SecurityStamp], [a].[TwoFactorEnabled], [a].[UserName]
FROM [AspNetUsers] AS [a]
WHERE [a].[NormalizedUserName] = @normalizedUserName
[2026-08-11 10:47:57.044 +05:30  INF]  Executed DbCommand (9ms) [Parameters=[@normalizedUserName='?' (Size = 256)], CommandType='"Text"', CommandTimeout='30']
SELECT TOP(1) [a].[Id], [a].[AccessFailedCount], [a].[ConcurrencyStamp], [a].[Email], [a].[EmailConfirmed], [a].[LockoutEnabled], [a].[LockoutEnd], [a].[NormalizedEmail], [a].[NormalizedUserName], [a].[PasswordHash], [a].[PhoneNumber], [a].[PhoneNumberConfirmed], [a].[SecurityStamp], [a].[TwoFactorEnabled], [a].[UserName]
FROM [AspNetUsers] AS [a]
WHERE [a].[NormalizedUserName] = @normalizedUserName
[2026-08-11 10:47:57.232 +05:30  INF]  Executed DbCommand (13ms) [Parameters=[@normalizedRoleName='?' (Size = 256)], CommandType='"Text"', CommandTimeout='30']
SELECT TOP(2) [a].[Id], [a].[ConcurrencyStamp], [a].[Name], [a].[NormalizedName]
FROM [AspNetRoles] AS [a]
WHERE [a].[NormalizedName] = @normalizedRoleName
[2026-08-11 10:47:57.379 +05:30  INF]  Executed DbCommand (6ms) [Parameters=[@p='?' (Size = 450), @p1='?' (Size = 450)], CommandType='"Text"', CommandTimeout='30']
SELECT TOP(1) [a].[UserId], [a].[RoleId]
FROM [AspNetUserRoles] AS [a]
WHERE [a].[UserId] = @p AND [a].[RoleId] = @p1
[2026-08-11 10:47:57.420 +05:30  INF]  Executed DbCommand (7ms) [Parameters=[@normalizedRoleName='?' (Size = 256)], CommandType='"Text"', CommandTimeout='30']
SELECT TOP(2) [a].[Id], [a].[ConcurrencyStamp], [a].[Name], [a].[NormalizedName]
FROM [AspNetRoles] AS [a]
WHERE [a].[NormalizedName] = @normalizedRoleName
[2026-08-11 10:47:57.568 +05:30  INF]  Executed DbCommand (10ms) [Parameters=[@normalizedUserName='?' (Size = 256)], CommandType='"Text"', CommandTimeout='30']
SELECT TOP(1) [a].[Id], [a].[AccessFailedCount], [a].[ConcurrencyStamp], [a].[Email], [a].[EmailConfirmed], [a].[LockoutEnabled], [a].[LockoutEnd], [a].[NormalizedEmail], [a].[NormalizedUserName], [a].[PasswordHash], [a].[PhoneNumber], [a].[PhoneNumberConfirmed], [a].[SecurityStamp], [a].[TwoFactorEnabled], [a].[UserName]
FROM [AspNetUsers] AS [a]
WHERE [a].[NormalizedUserName] = @normalizedUserName
[2026-08-11 10:47:58.698 +05:30  INF]  User profile is available. Using 'C:\Users\adrija.ani\AppData\Local\ASP.NET\DataProtection-Keys' as key repository and Windows DPAPI to encrypt keys at rest.
[2026-08-11 10:47:59.964 +05:30  INF]  Now listening on: http://localhost:5278
[2026-08-11 10:48:00.253 +05:30  INF]  Application started. Press Ctrl+C to shut down.
[2026-08-11 10:48:00.257 +05:30  INF]  Hosting environment: Development
[2026-08-11 10:48:00.259 +05:30  INF]  Content root path: C:\Users\adrija.ani\Downloads\Project\Crayon\Crayon.api\Crayon.api
[2026-08-11 10:48:03.352 +05:30  INF]  Request starting HTTP/1.1 GET http://localhost:5278/swagger/index.html - null null
[2026-08-11 10:48:04.646 +05:30  INF]  Request finished HTTP/1.1 GET http://localhost:5278/swagger/index.html - 200 null text/html;charset=utf-8 1323.4328ms
[2026-08-11 10:48:04.683 +05:30  INF]  Request starting HTTP/1.1 GET http://localhost:5278/_framework/aspnetcore-browser-refresh.js - null null
[2026-08-11 10:48:04.693 +05:30  INF]  Request finished HTTP/1.1 GET http://localhost:5278/_framework/aspnetcore-browser-refresh.js - 200 14925 application/javascript; charset=utf-8 10.3034ms
[2026-08-11 10:48:04.727 +05:30  INF]  Request starting HTTP/1.1 GET http://localhost:5278/swagger/index.js - null null
[2026-08-11 10:48:04.734 +05:30  INF]  Request finished HTTP/1.1 GET http://localhost:5278/swagger/index.js - 200 null application/javascript;charset=utf-8 6.9016ms
[2026-08-11 10:48:04.741 +05:30  INF]  Request starting HTTP/1.1 GET http://localhost:5278/_vs/browserLink - null null
[2026-08-11 10:48:04.903 +05:30  INF]  Request finished HTTP/1.1 GET http://localhost:5278/_vs/browserLink - 200 null text/javascript; charset=UTF-8 162.9621ms
[2026-08-11 10:48:04.992 +05:30  INF]  Request starting HTTP/1.1 GET http://localhost:5278/swagger/v1/swagger.json - null null
[2026-08-11 10:48:05.048 +05:30  INF]  Request finished HTTP/1.1 GET http://localhost:5278/swagger/v1/swagger.json - 200 null application/json;charset=utf-8 56.1612ms
[2026-08-11 10:48:35.357 +05:30  INF]  Request starting HTTP/1.1 GET http://localhost:5278/api/LeaveApplication/GetEmployeeLeaveApplications/1b3da5e5-61ce-4332-a65f-f0827450ac35 - null null
[2026-08-11 10:48:36.510 +05:30  INF]  Failed to validate the token.
Microsoft.IdentityModel.Tokens.SecurityTokenExpiredException: IDX10223: Lifetime validation failed. The token is expired. ValidTo (UTC): '04-08-2026 07:42:11', Current time (UTC): '11-08-2026 05:18:36'.
   at Microsoft.IdentityModel.Tokens.ValidatorUtilities.ValidateLifetime(Nullable`1 notBefore, Nullable`1 expires, SecurityToken securityToken, TokenValidationParameters validationParameters)
   at Microsoft.IdentityModel.Tokens.Validators.ValidateLifetime(Nullable`1 notBefore, Nullable`1 expires, SecurityToken securityToken, TokenValidationParameters validationParameters)
   at Microsoft.IdentityModel.JsonWebTokens.JsonWebTokenHandler.ValidateTokenPayloadAsync(JsonWebToken jsonWebToken, TokenValidationParameters validationParameters, BaseConfiguration configuration)
   at Microsoft.IdentityModel.JsonWebTokens.JsonWebTokenHandler.ValidateJWSAsync(JsonWebToken jsonWebToken, TokenValidationParameters validationParameters, BaseConfiguration configuration)
[2026-08-11 10:48:36.563 +05:30  INF]  Bearer was not authenticated. Failure message: IDX10223: Lifetime validation failed. The token is expired. ValidTo (UTC): '04-08-2026 07:42:11', Current time (UTC): '11-08-2026 05:18:36'.
[2026-08-11 10:48:36.575 +05:30  INF]  Executing endpoint 'Crayon.api.Controllers.LeaveApplicationController.GetEmployeeLeaveApplications (Crayon.api)'
[2026-08-11 10:48:36.641 +05:30  INF]  Route matched with {action = "GetEmployeeLeaveApplications", controller = "LeaveApplication"}. Executing controller action with signature System.Threading.Tasks.Task`1[Microsoft.AspNetCore.Mvc.IActionResult] GetEmployeeLeaveApplications(System.String) on controller Crayon.api.Controllers.LeaveApplicationController (Crayon.api).
[2026-08-11 10:48:37.188 +05:30  INF]  Executed DbCommand (91ms) [Parameters=[@userId='?' (Size = 450)], CommandType='"Text"', CommandTimeout='30']
SELECT [l].[LeaveApplicationId], [e].[FirstName] + N' ' + [e].[LastName] AS [EmployeeName], [l0].[LeaveName], [l].[FromDate], [l].[ToDate], [l].[TotalDays], [l].[Reason], [l].[Status], [l].[AppliedDate]
FROM [LeaveApplication] AS [l]
INNER JOIN [Employee] AS [e] ON [l].[EmployeeId] = [e].[EmployeeId]
INNER JOIN [LeaveType] AS [l0] ON [l].[LeaveTypeId] = [l0].[LeaveTypeId]
WHERE [e].[UserId] = @userId
[2026-08-11 10:48:37.232 +05:30  INF]  Executing OkObjectResult, writing value of type 'Crayon.Entity.Common.Result`1[[System.Collections.Generic.List`1[[Crayon.Entity.Dto.LeaveApplicationResponse, Crayon.Entity, Version=1.0.0.0, Culture=neutral, PublicKeyToken=null]], System.Private.CoreLib, Version=10.0.0.0, Culture=neutral, PublicKeyToken=7cec85d7bea7798e]]'.
[2026-08-11 10:48:37.310 +05:30  INF]  Executed action Crayon.api.Controllers.LeaveApplicationController.GetEmployeeLeaveApplications (Crayon.api) in 645.6826ms
[2026-08-11 10:48:37.314 +05:30  INF]  Executed endpoint 'Crayon.api.Controllers.LeaveApplicationController.GetEmployeeLeaveApplications (Crayon.api)'
[2026-08-11 10:48:37.338 +05:30  INF]  Request finished HTTP/1.1 GET http://localhost:5278/api/LeaveApplication/GetEmployeeLeaveApplications/1b3da5e5-61ce-4332-a65f-f0827450ac35 - 200 null application/json; charset=utf-8 1982.2098ms
[2026-08-11 10:48:39.855 +05:30  INF]  Request starting HTTP/1.1 GET http://localhost:5278/api/Attendance/GetEmployeeAttendance/1b3da5e5-61ce-4332-a65f-f0827450ac35 - null null
[2026-08-11 10:48:39.870 +05:30  INF]  Failed to validate the token.
Microsoft.IdentityModel.Tokens.SecurityTokenExpiredException: IDX10223: Lifetime validation failed. The token is expired. ValidTo (UTC): '04-08-2026 07:42:11', Current time (UTC): '11-08-2026 05:18:39'.
   at Microsoft.IdentityModel.Tokens.ValidatorUtilities.ValidateLifetime(Nullable`1 notBefore, Nullable`1 expires, SecurityToken securityToken, TokenValidationParameters validationParameters)
   at Microsoft.IdentityModel.Tokens.Validators.ValidateLifetime(Nullable`1 notBefore, Nullable`1 expires, SecurityToken securityToken, TokenValidationParameters validationParameters)
   at Microsoft.IdentityModel.JsonWebTokens.JsonWebTokenHandler.ValidateTokenPayloadAsync(JsonWebToken jsonWebToken, TokenValidationParameters validationParameters, BaseConfiguration configuration)
   at Microsoft.IdentityModel.JsonWebTokens.JsonWebTokenHandler.ValidateJWSAsync(JsonWebToken jsonWebToken, TokenValidationParameters validationParameters, BaseConfiguration configuration)
[2026-08-11 10:48:39.872 +05:30  INF]  Bearer was not authenticated. Failure message: IDX10223: Lifetime validation failed. The token is expired. ValidTo (UTC): '04-08-2026 07:42:11', Current time (UTC): '11-08-2026 05:18:39'.
[2026-08-11 10:48:39.872 +05:30  INF]  Executing endpoint 'Crayon.Api.Controllers.AttendanceController.GetEmployeeAttendance (Crayon.api)'
[2026-08-11 10:48:39.909 +05:30  INF]  Route matched with {action = "GetEmployeeAttendance", controller = "Attendance"}. Executing controller action with signature System.Threading.Tasks.Task`1[Microsoft.AspNetCore.Mvc.IActionResult] GetEmployeeAttendance(System.String) on controller Crayon.Api.Controllers.AttendanceController (Crayon.api).
[2026-08-11 10:48:40.045 +05:30  INF]  Executed DbCommand (18ms) [Parameters=[@userId='?' (Size = 450)], CommandType='"Text"', CommandTimeout='30']
SELECT TOP(1) [e].[EmployeeId], [e].[CreatedDate], [e].[DepartmentId], [e].[DesignationId], [e].[EmployeeCode], [e].[FirstName], [e].[IsActive], [e].[LastName], [e].[PhoneNumber], [e].[ReportingEmployeeId], [e].[ReportingToEmployeeId], [e].[UserId], [e].[WorkplaceId]
FROM [Employee] AS [e]
WHERE [e].[UserId] = @userId
[2026-08-11 10:48:40.286 +05:30  INF]  Executed DbCommand (44ms) [Parameters=[@employee_EmployeeId='?' (DbType = Int32)], CommandType='"Text"', CommandTimeout='30']
SELECT [a].[AttendanceId], [e].[EmployeeId], [e].[FirstName] + N' ' + [e].[LastName] AS [EmployeeName], [a].[AttendanceDate], [a].[CheckInTime], [a].[CheckOutTime], [a].[HoursWorked], [a].[AttendanceStatus], [a].[IsApproved]
FROM [Attendance] AS [a]
INNER JOIN [Employee] AS [e] ON [a].[EmployeeId] = [e].[EmployeeId]
WHERE [a].[EmployeeId] = @employee_EmployeeId
ORDER BY [a].[AttendanceDate] DESC
[2026-08-11 10:48:40.287 +05:30  INF]  Executing OkObjectResult, writing value of type 'Crayon.Entity.Common.Result`1[[System.Collections.Generic.List`1[[Crayon.Entity.Dto.AttendanceResponse, Crayon.Entity, Version=1.0.0.0, Culture=neutral, PublicKeyToken=null]], System.Private.CoreLib, Version=10.0.0.0, Culture=neutral, PublicKeyToken=7cec85d7bea7798e]]'.
[2026-08-11 10:48:40.336 +05:30  INF]  Executed action Crayon.Api.Controllers.AttendanceController.GetEmployeeAttendance (Crayon.api) in 426.0453ms
[2026-08-11 10:48:40.336 +05:30  INF]  Executed endpoint 'Crayon.Api.Controllers.AttendanceController.GetEmployeeAttendance (Crayon.api)'
[2026-08-11 10:48:40.338 +05:30  INF]  Request finished HTTP/1.1 GET http://localhost:5278/api/Attendance/GetEmployeeAttendance/1b3da5e5-61ce-4332-a65f-f0827450ac35 - 200 null application/json; charset=utf-8 482.7957ms
[2026-08-11 10:48:53.703 +05:30  INF]  Request starting HTTP/1.1 POST http://localhost:5278/api/Attendance/CheckIn - application/json; charset=utf-8 49
[2026-08-11 10:48:53.720 +05:30  INF]  Failed to validate the token.
Microsoft.IdentityModel.Tokens.SecurityTokenExpiredException: IDX10223: Lifetime validation failed. The token is expired. ValidTo (UTC): '04-08-2026 07:42:11', Current time (UTC): '11-08-2026 05:18:53'.
   at Microsoft.IdentityModel.Tokens.ValidatorUtilities.ValidateLifetime(Nullable`1 notBefore, Nullable`1 expires, SecurityToken securityToken, TokenValidationParameters validationParameters)
   at Microsoft.IdentityModel.Tokens.Validators.ValidateLifetime(Nullable`1 notBefore, Nullable`1 expires, SecurityToken securityToken, TokenValidationParameters validationParameters)
   at Microsoft.IdentityModel.JsonWebTokens.JsonWebTokenHandler.ValidateTokenPayloadAsync(JsonWebToken jsonWebToken, TokenValidationParameters validationParameters, BaseConfiguration configuration)
   at Microsoft.IdentityModel.JsonWebTokens.JsonWebTokenHandler.ValidateJWSAsync(JsonWebToken jsonWebToken, TokenValidationParameters validationParameters, BaseConfiguration configuration)
[2026-08-11 10:48:53.722 +05:30  INF]  Bearer was not authenticated. Failure message: IDX10223: Lifetime validation failed. The token is expired. ValidTo (UTC): '04-08-2026 07:42:11', Current time (UTC): '11-08-2026 05:18:53'.
[2026-08-11 10:48:53.722 +05:30  INF]  Executing endpoint 'Crayon.Api.Controllers.AttendanceController.CheckIn (Crayon.api)'
[2026-08-11 10:48:53.754 +05:30  INF]  Route matched with {action = "CheckIn", controller = "Attendance"}. Executing controller action with signature System.Threading.Tasks.Task`1[Microsoft.AspNetCore.Mvc.IActionResult] CheckIn(Crayon.Entity.Dto.AttendanceRequest) on controller Crayon.Api.Controllers.AttendanceController (Crayon.api).
[2026-08-11 10:48:53.868 +05:30  INF]  Executed DbCommand (21ms) [Parameters=[@request_UserId='?' (Size = 450)], CommandType='"Text"', CommandTimeout='30']
SELECT TOP(1) [e].[EmployeeId], [e].[CreatedDate], [e].[DepartmentId], [e].[DesignationId], [e].[EmployeeCode], [e].[FirstName], [e].[IsActive], [e].[LastName], [e].[PhoneNumber], [e].[ReportingEmployeeId], [e].[ReportingToEmployeeId], [e].[UserId], [e].[WorkplaceId]
FROM [Employee] AS [e]
WHERE [e].[UserId] = @request_UserId
[2026-08-11 10:48:54.018 +05:30  INF]  Executed DbCommand (31ms) [Parameters=[@employee_EmployeeId='?' (DbType = Int32)], CommandType='"Text"', CommandTimeout='30']
SELECT CASE
    WHEN EXISTS (
        SELECT 1
        FROM [Attendance] AS [a]
        WHERE [a].[EmployeeId] = @employee_EmployeeId AND CONVERT(date, [a].[AttendanceDate]) = CONVERT(date, GETDATE())) THEN CAST(1 AS bit)
    ELSE CAST(0 AS bit)
END
[2026-08-11 10:48:54.703 +05:30  INF]  Executed DbCommand (62ms) [Parameters=[@p0='?' (DbType = DateTime2), @p1='?' (Size = 4000), @p2='?' (DbType = Time), @p3='?' (DbType = Time), @p4='?' (DbType = Int32), @p5='?' (Precision = 18) (Scale = 2) (DbType = Decimal), @p6='?' (DbType = Boolean)], CommandType='"Text"', CommandTimeout='30']
SET IMPLICIT_TRANSACTIONS OFF;
SET NOCOUNT ON;
INSERT INTO [Attendance] ([AttendanceDate], [AttendanceStatus], [CheckInTime], [CheckOutTime], [EmployeeId], [HoursWorked], [IsApproved])
OUTPUT INSERTED.[AttendanceId]
VALUES (@p0, @p1, @p2, @p3, @p4, @p5, @p6);
[2026-08-11 10:48:54.817 +05:30  INF]  Executing OkObjectResult, writing value of type 'Crayon.Entity.Common.Result`1[[Crayon.Entity.Dto.AttendanceResponse, Crayon.Entity, Version=1.0.0.0, Culture=neutral, PublicKeyToken=null]]'.
[2026-08-11 10:48:54.846 +05:30  INF]  Executed action Crayon.Api.Controllers.AttendanceController.CheckIn (Crayon.api) in 1091.8302ms
[2026-08-11 10:48:54.847 +05:30  INF]  Executed endpoint 'Crayon.Api.Controllers.AttendanceController.CheckIn (Crayon.api)'
[2026-08-11 10:48:54.848 +05:30  INF]  Request finished HTTP/1.1 POST http://localhost:5278/api/Attendance/CheckIn - 200 null application/json; charset=utf-8 1144.9754ms
[2026-08-11 10:58:00.636 +05:30  INF]  Request starting HTTP/1.1 GET http://localhost:5278/api/LeaveApplication/GetEmployeeLeaveApplications/1b3da5e5-61ce-4332-a65f-f0827450ac35 - null null
[2026-08-11 10:58:00.659 +05:30  INF]  Failed to validate the token.
Microsoft.IdentityModel.Tokens.SecurityTokenExpiredException: IDX10223: Lifetime validation failed. The token is expired. ValidTo (UTC): '04-08-2026 07:42:11', Current time (UTC): '11-08-2026 05:28:00'.
   at Microsoft.IdentityModel.Tokens.ValidatorUtilities.ValidateLifetime(Nullable`1 notBefore, Nullable`1 expires, SecurityToken securityToken, TokenValidationParameters validationParameters)
   at Microsoft.IdentityModel.Tokens.Validators.ValidateLifetime(Nullable`1 notBefore, Nullable`1 expires, SecurityToken securityToken, TokenValidationParameters validationParameters)
   at Microsoft.IdentityModel.JsonWebTokens.JsonWebTokenHandler.ValidateTokenPayloadAsync(JsonWebToken jsonWebToken, TokenValidationParameters validationParameters, BaseConfiguration configuration)
   at Microsoft.IdentityModel.JsonWebTokens.JsonWebTokenHandler.ValidateJWSAsync(JsonWebToken jsonWebToken, TokenValidationParameters validationParameters, BaseConfiguration configuration)
[2026-08-11 10:58:00.661 +05:30  INF]  Bearer was not authenticated. Failure message: IDX10223: Lifetime validation failed. The token is expired. ValidTo (UTC): '04-08-2026 07:42:11', Current time (UTC): '11-08-2026 05:28:00'.
[2026-08-11 10:58:00.661 +05:30  INF]  Executing endpoint 'Crayon.api.Controllers.LeaveApplicationController.GetEmployeeLeaveApplications (Crayon.api)'
[2026-08-11 10:58:00.662 +05:30  INF]  Route matched with {action = "GetEmployeeLeaveApplications", controller = "LeaveApplication"}. Executing controller action with signature System.Threading.Tasks.Task`1[Microsoft.AspNetCore.Mvc.IActionResult] GetEmployeeLeaveApplications(System.String) on controller Crayon.api.Controllers.LeaveApplicationController (Crayon.api).
[2026-08-11 10:58:00.729 +05:30  INF]  Executed DbCommand (19ms) [Parameters=[@userId='?' (Size = 450)], CommandType='"Text"', CommandTimeout='30']
SELECT [l].[LeaveApplicationId], [e].[FirstName] + N' ' + [e].[LastName] AS [EmployeeName], [l0].[LeaveName], [l].[FromDate], [l].[ToDate], [l].[TotalDays], [l].[Reason], [l].[Status], [l].[AppliedDate]
FROM [LeaveApplication] AS [l]
INNER JOIN [Employee] AS [e] ON [l].[EmployeeId] = [e].[EmployeeId]
INNER JOIN [LeaveType] AS [l0] ON [l].[LeaveTypeId] = [l0].[LeaveTypeId]
WHERE [e].[UserId] = @userId
[2026-08-11 10:58:00.730 +05:30  INF]  Executing OkObjectResult, writing value of type 'Crayon.Entity.Common.Result`1[[System.Collections.Generic.List`1[[Crayon.Entity.Dto.LeaveApplicationResponse, Crayon.Entity, Version=1.0.0.0, Culture=neutral, PublicKeyToken=null]], System.Private.CoreLib, Version=10.0.0.0, Culture=neutral, PublicKeyToken=7cec85d7bea7798e]]'.
[2026-08-11 10:58:00.731 +05:30  INF]  Executed action Crayon.api.Controllers.LeaveApplicationController.GetEmployeeLeaveApplications (Crayon.api) in 69.3086ms
[2026-08-11 10:58:00.732 +05:30  INF]  Executed endpoint 'Crayon.api.Controllers.LeaveApplicationController.GetEmployeeLeaveApplications (Crayon.api)'
[2026-08-11 10:58:00.733 +05:30  INF]  Request finished HTTP/1.1 GET http://localhost:5278/api/LeaveApplication/GetEmployeeLeaveApplications/1b3da5e5-61ce-4332-a65f-f0827450ac35 - 200 null application/json; charset=utf-8 97.5051ms
[2026-08-11 10:58:07.022 +05:30  INF]  Request starting HTTP/1.1 GET http://localhost:5278/api/Holiday/GetAllHolidays - null null
[2026-08-11 10:58:07.023 +05:30  INF]  Failed to validate the token.
Microsoft.IdentityModel.Tokens.SecurityTokenExpiredException: IDX10223: Lifetime validation failed. The token is expired. ValidTo (UTC): '04-08-2026 07:42:11', Current time (UTC): '11-08-2026 05:28:07'.
   at Microsoft.IdentityModel.Tokens.ValidatorUtilities.ValidateLifetime(Nullable`1 notBefore, Nullable`1 expires, SecurityToken securityToken, TokenValidationParameters validationParameters)
   at Microsoft.IdentityModel.Tokens.Validators.ValidateLifetime(Nullable`1 notBefore, Nullable`1 expires, SecurityToken securityToken, TokenValidationParameters validationParameters)
   at Microsoft.IdentityModel.JsonWebTokens.JsonWebTokenHandler.ValidateTokenPayloadAsync(JsonWebToken jsonWebToken, TokenValidationParameters validationParameters, BaseConfiguration configuration)
   at Microsoft.IdentityModel.JsonWebTokens.JsonWebTokenHandler.ValidateJWSAsync(JsonWebToken jsonWebToken, TokenValidationParameters validationParameters, BaseConfiguration configuration)
[2026-08-11 10:58:07.024 +05:30  INF]  Bearer was not authenticated. Failure message: IDX10223: Lifetime validation failed. The token is expired. ValidTo (UTC): '04-08-2026 07:42:11', Current time (UTC): '11-08-2026 05:28:07'.
[2026-08-11 10:58:07.025 +05:30  INF]  Executing endpoint 'Crayon.Api.Controllers.HolidayController.GetAllHolidays (Crayon.api)'
[2026-08-11 10:58:07.042 +05:30  INF]  Route matched with {action = "GetAllHolidays", controller = "Holiday"}. Executing controller action with signature System.Threading.Tasks.Task`1[Microsoft.AspNetCore.Mvc.IActionResult] GetAllHolidays() on controller Crayon.Api.Controllers.HolidayController (Crayon.api).
[2026-08-11 10:58:07.072 +05:30  INF]  Executed DbCommand (12ms) [Parameters=[], CommandType='"Text"', CommandTimeout='30']
SELECT [h].[HolidayId], [h].[HolidayName], [h].[HolidayDate], [h].[Country]
FROM [Holiday] AS [h]
[2026-08-11 10:58:07.074 +05:30  INF]  Executing OkObjectResult, writing value of type 'Crayon.Entity.Common.Result`1[[System.Collections.Generic.List`1[[Crayon.Entity.Dto.HolidayResponse, Crayon.Entity, Version=1.0.0.0, Culture=neutral, PublicKeyToken=null]], System.Private.CoreLib, Version=10.0.0.0, Culture=neutral, PublicKeyToken=7cec85d7bea7798e]]'.
[2026-08-11 10:58:07.082 +05:30  INF]  Executed action Crayon.Api.Controllers.HolidayController.GetAllHolidays (Crayon.api) in 39.9471ms
[2026-08-11 10:58:07.082 +05:30  INF]  Executed endpoint 'Crayon.Api.Controllers.HolidayController.GetAllHolidays (Crayon.api)'
[2026-08-11 10:58:07.082 +05:30  INF]  Request finished HTTP/1.1 GET http://localhost:5278/api/Holiday/GetAllHolidays - 200 null application/json; charset=utf-8 60.9719ms
[2026-08-11 10:58:14.502 +05:30  INF]  Request starting HTTP/1.1 POST http://localhost:5278/api/Attendance/CheckIn - application/json; charset=utf-8 49
[2026-08-11 10:58:14.503 +05:30  INF]  Failed to validate the token.
Microsoft.IdentityModel.Tokens.SecurityTokenExpiredException: IDX10223: Lifetime validation failed. The token is expired. ValidTo (UTC): '04-08-2026 07:42:11', Current time (UTC): '11-08-2026 05:28:14'.
   at Microsoft.IdentityModel.Tokens.ValidatorUtilities.ValidateLifetime(Nullable`1 notBefore, Nullable`1 expires, SecurityToken securityToken, TokenValidationParameters validationParameters)
   at Microsoft.IdentityModel.Tokens.Validators.ValidateLifetime(Nullable`1 notBefore, Nullable`1 expires, SecurityToken securityToken, TokenValidationParameters validationParameters)
   at Microsoft.IdentityModel.JsonWebTokens.JsonWebTokenHandler.ValidateTokenPayloadAsync(JsonWebToken jsonWebToken, TokenValidationParameters validationParameters, BaseConfiguration configuration)
   at Microsoft.IdentityModel.JsonWebTokens.JsonWebTokenHandler.ValidateJWSAsync(JsonWebToken jsonWebToken, TokenValidationParameters validationParameters, BaseConfiguration configuration)
[2026-08-11 10:58:14.504 +05:30  INF]  Bearer was not authenticated. Failure message: IDX10223: Lifetime validation failed. The token is expired. ValidTo (UTC): '04-08-2026 07:42:11', Current time (UTC): '11-08-2026 05:28:14'.
[2026-08-11 10:58:14.504 +05:30  INF]  Executing endpoint 'Crayon.Api.Controllers.AttendanceController.CheckIn (Crayon.api)'
[2026-08-11 10:58:14.504 +05:30  INF]  Route matched with {action = "CheckIn", controller = "Attendance"}. Executing controller action with signature System.Threading.Tasks.Task`1[Microsoft.AspNetCore.Mvc.IActionResult] CheckIn(Crayon.Entity.Dto.AttendanceRequest) on controller Crayon.Api.Controllers.AttendanceController (Crayon.api).
[2026-08-11 10:58:14.525 +05:30  INF]  Executed DbCommand (5ms) [Parameters=[@request_UserId='?' (Size = 450)], CommandType='"Text"', CommandTimeout='30']
SELECT TOP(1) [e].[EmployeeId], [e].[CreatedDate], [e].[DepartmentId], [e].[DesignationId], [e].[EmployeeCode], [e].[FirstName], [e].[IsActive], [e].[LastName], [e].[PhoneNumber], [e].[ReportingEmployeeId], [e].[ReportingToEmployeeId], [e].[UserId], [e].[WorkplaceId]
FROM [Employee] AS [e]
WHERE [e].[UserId] = @request_UserId
[2026-08-11 10:58:14.542 +05:30  INF]  Executed DbCommand (12ms) [Parameters=[@employee_EmployeeId='?' (DbType = Int32)], CommandType='"Text"', CommandTimeout='30']
SELECT CASE
    WHEN EXISTS (
        SELECT 1
        FROM [Attendance] AS [a]
        WHERE [a].[EmployeeId] = @employee_EmployeeId AND CONVERT(date, [a].[AttendanceDate]) = CONVERT(date, GETDATE())) THEN CAST(1 AS bit)
    ELSE CAST(0 AS bit)
END
[2026-08-11 10:58:14.544 +05:30  INF]  Executing OkObjectResult, writing value of type 'Crayon.Entity.Common.Result`1[[Crayon.Entity.Dto.AttendanceResponse, Crayon.Entity, Version=1.0.0.0, Culture=neutral, PublicKeyToken=null]]'.
[2026-08-11 10:58:14.546 +05:30  INF]  Executed action Crayon.Api.Controllers.AttendanceController.CheckIn (Crayon.api) in 41.6249ms
[2026-08-11 10:58:14.546 +05:30  INF]  Executed endpoint 'Crayon.Api.Controllers.AttendanceController.CheckIn (Crayon.api)'
[2026-08-11 10:58:14.546 +05:30  INF]  Request finished HTTP/1.1 POST http://localhost:5278/api/Attendance/CheckIn - 200 null application/json; charset=utf-8 44.9234ms
[2026-08-11 10:58:44.797 +05:30  INF]  Request starting HTTP/1.1 PUT http://localhost:5278/api/Attendance/CheckOut/1b3da5e5-61ce-4332-a65f-f0827450ac35 - application/json; charset=utf-8 4
[2026-08-11 10:58:44.802 +05:30  INF]  Failed to validate the token.
Microsoft.IdentityModel.Tokens.SecurityTokenExpiredException: IDX10223: Lifetime validation failed. The token is expired. ValidTo (UTC): '04-08-2026 07:42:11', Current time (UTC): '11-08-2026 05:28:44'.
   at Microsoft.IdentityModel.Tokens.ValidatorUtilities.ValidateLifetime(Nullable`1 notBefore, Nullable`1 expires, SecurityToken securityToken, TokenValidationParameters validationParameters)
   at Microsoft.IdentityModel.Tokens.Validators.ValidateLifetime(Nullable`1 notBefore, Nullable`1 expires, SecurityToken securityToken, TokenValidationParameters validationParameters)
   at Microsoft.IdentityModel.JsonWebTokens.JsonWebTokenHandler.ValidateTokenPayloadAsync(JsonWebToken jsonWebToken, TokenValidationParameters validationParameters, BaseConfiguration configuration)
   at Microsoft.IdentityModel.JsonWebTokens.JsonWebTokenHandler.ValidateJWSAsync(JsonWebToken jsonWebToken, TokenValidationParameters validationParameters, BaseConfiguration configuration)
[2026-08-11 10:58:44.808 +05:30  INF]  Bearer was not authenticated. Failure message: IDX10223: Lifetime validation failed. The token is expired. ValidTo (UTC): '04-08-2026 07:42:11', Current time (UTC): '11-08-2026 05:28:44'.
[2026-08-11 10:58:44.808 +05:30  INF]  Executing endpoint 'Crayon.Api.Controllers.AttendanceController.CheckOut (Crayon.api)'
[2026-08-11 10:58:44.836 +05:30  INF]  Route matched with {action = "CheckOut", controller = "Attendance"}. Executing controller action with signature System.Threading.Tasks.Task`1[Microsoft.AspNetCore.Mvc.IActionResult] CheckOut(System.String) on controller Crayon.Api.Controllers.AttendanceController (Crayon.api).
[2026-08-11 10:58:44.863 +05:30  INF]  Executed DbCommand (8ms) [Parameters=[@userId='?' (Size = 450)], CommandType='"Text"', CommandTimeout='30']
SELECT TOP(1) [e].[EmployeeId], [e].[CreatedDate], [e].[DepartmentId], [e].[DesignationId], [e].[EmployeeCode], [e].[FirstName], [e].[IsActive], [e].[LastName], [e].[PhoneNumber], [e].[ReportingEmployeeId], [e].[ReportingToEmployeeId], [e].[UserId], [e].[WorkplaceId]
FROM [Employee] AS [e]
WHERE [e].[UserId] = @userId
[2026-08-11 10:58:44.920 +05:30  INF]  Executed DbCommand (20ms) [Parameters=[@employee_EmployeeId='?' (DbType = Int32)], CommandType='"Text"', CommandTimeout='30']
SELECT TOP(1) [a].[AttendanceId], [a].[AttendanceDate], [a].[AttendanceStatus], [a].[CheckInTime], [a].[CheckOutTime], [a].[EmployeeId], [a].[HoursWorked], [a].[IsApproved]
FROM [Attendance] AS [a]
WHERE [a].[EmployeeId] = @employee_EmployeeId AND CONVERT(date, [a].[AttendanceDate]) = CONVERT(date, GETDATE())
[2026-08-11 10:58:45.002 +05:30  INF]  Executed DbCommand (39ms) [Parameters=[@p2='?' (DbType = Int32), @p0='?' (DbType = Time), @p1='?' (Precision = 18) (Scale = 2) (DbType = Decimal)], CommandType='"Text"', CommandTimeout='30']
SET IMPLICIT_TRANSACTIONS OFF;
SET NOCOUNT ON;
UPDATE [Attendance] SET [CheckOutTime] = @p0, [HoursWorked] = @p1
OUTPUT 1
WHERE [AttendanceId] = @p2;
[2026-08-11 10:58:45.011 +05:30  INF]  Executing OkObjectResult, writing value of type 'Crayon.Entity.Common.Result`1[[System.Boolean, System.Private.CoreLib, Version=10.0.0.0, Culture=neutral, PublicKeyToken=7cec85d7bea7798e]]'.
[2026-08-11 10:58:45.014 +05:30  INF]  Executed action Crayon.Api.Controllers.AttendanceController.CheckOut (Crayon.api) in 178.0148ms
[2026-08-11 10:58:45.014 +05:30  INF]  Executed endpoint 'Crayon.Api.Controllers.AttendanceController.CheckOut (Crayon.api)'
[2026-08-11 10:58:45.016 +05:30  INF]  Request finished HTTP/1.1 PUT http://localhost:5278/api/Attendance/CheckOut/1b3da5e5-61ce-4332-a65f-f0827450ac35 - 200 null application/json; charset=utf-8 217.9112ms
[2026-08-11 10:58:59.760 +05:30  INF]  Request starting HTTP/1.1 GET http://localhost:5278/api/LeaveBalance/GetEmployeeLeaveBalances/1b3da5e5-61ce-4332-a65f-f0827450ac35 - null null
[2026-08-11 10:58:59.763 +05:30  INF]  Failed to validate the token.
Microsoft.IdentityModel.Tokens.SecurityTokenExpiredException: IDX10223: Lifetime validation failed. The token is expired. ValidTo (UTC): '04-08-2026 07:42:11', Current time (UTC): '11-08-2026 05:28:59'.
   at Microsoft.IdentityModel.Tokens.ValidatorUtilities.ValidateLifetime(Nullable`1 notBefore, Nullable`1 expires, SecurityToken securityToken, TokenValidationParameters validationParameters)
   at Microsoft.IdentityModel.Tokens.Validators.ValidateLifetime(Nullable`1 notBefore, Nullable`1 expires, SecurityToken securityToken, TokenValidationParameters validationParameters)
   at Microsoft.IdentityModel.JsonWebTokens.JsonWebTokenHandler.ValidateTokenPayloadAsync(JsonWebToken jsonWebToken, TokenValidationParameters validationParameters, BaseConfiguration configuration)
   at Microsoft.IdentityModel.JsonWebTokens.JsonWebTokenHandler.ValidateJWSAsync(JsonWebToken jsonWebToken, TokenValidationParameters validationParameters, BaseConfiguration configuration)
[2026-08-11 10:58:59.764 +05:30  INF]  Bearer was not authenticated. Failure message: IDX10223: Lifetime validation failed. The token is expired. ValidTo (UTC): '04-08-2026 07:42:11', Current time (UTC): '11-08-2026 05:28:59'.
[2026-08-11 10:58:59.764 +05:30  INF]  Executing endpoint 'Crayon.Api.Controllers.LeaveBalanceController.GetEmployeeLeaveBalances (Crayon.api)'
[2026-08-11 10:58:59.791 +05:30  INF]  Route matched with {action = "GetEmployeeLeaveBalances", controller = "LeaveBalance"}. Executing controller action with signature System.Threading.Tasks.Task`1[Microsoft.AspNetCore.Mvc.IActionResult] GetEmployeeLeaveBalances(System.String) on controller Crayon.Api.Controllers.LeaveBalanceController (Crayon.api).
[2026-08-11 10:58:59.886 +05:30  INF]  Executed DbCommand (33ms) [Parameters=[@userId='?' (Size = 450)], CommandType='"Text"', CommandTimeout='30']
SELECT [l].[LeaveBalanceId], [e].[EmployeeId], [e].[FirstName] + N' ' + [e].[LastName] AS [EmployeeName], [l0].[LeaveTypeId], [l0].[LeaveName], [l].[AvailableDays]
FROM [LeaveBalance] AS [l]
INNER JOIN [Employee] AS [e] ON [l].[EmployeeId] = [e].[EmployeeId]
INNER JOIN [LeaveType] AS [l0] ON [l].[LeaveTypeId] = [l0].[LeaveTypeId]
WHERE [e].[UserId] = @userId
[2026-08-11 10:58:59.889 +05:30  INF]  Executing OkObjectResult, writing value of type 'Crayon.Entity.Common.Result`1[[System.Collections.Generic.List`1[[Crayon.Entity.Dto.LeaveBalanceResponse, Crayon.Entity, Version=1.0.0.0, Culture=neutral, PublicKeyToken=null]], System.Private.CoreLib, Version=10.0.0.0, Culture=neutral, PublicKeyToken=7cec85d7bea7798e]]'.
[2026-08-11 10:58:59.896 +05:30  INF]  Executed action Crayon.Api.Controllers.LeaveBalanceController.GetEmployeeLeaveBalances (Crayon.api) in 105.1487ms
[2026-08-11 10:58:59.897 +05:30  INF]  Executed endpoint 'Crayon.Api.Controllers.LeaveBalanceController.GetEmployeeLeaveBalances (Crayon.api)'
[2026-08-11 10:58:59.897 +05:30  INF]  Request finished HTTP/1.1 GET http://localhost:5278/api/LeaveBalance/GetEmployeeLeaveBalances/1b3da5e5-61ce-4332-a65f-f0827450ac35 - 200 null application/json; charset=utf-8 138.0953ms
